*** EVALUATION ************************************************************************************************
*********************************************************************************************
LINKING FAILED
The linking process failed in some stage.
Depending on the phase the linker failed, part of the information contained in this map file may be inaccurate or wrong.
If the linking failed before the allocation phase finished, then the addresses might be inaccurate.
Also summary information like the code size is likely to be misleading.
---------------------------------------------------------------------------------------------
---------------------------------------------------------------------------------------------

PROGRAM "F:\Dropbox\S11\Embedded Software\Assignments\demdanruto\Project\bin\ModCon_Board.abs"

*********************************************************************************************
TARGET SECTION
---------------------------------------------------------------------------------------------
Processor   : Freescale HC12
Memory Model: SMALL
File Format : ELF (no debug info)
Linker      : SmartLinker V-5.0.40 Build 10203, Jul 23 2010

*********************************************************************************************
FILE SECTION
---------------------------------------------------------------------------------------------
mc9s12a256.c.o                          Model: SMALL,         Lang: ANSI-C
main.c.o                                Model: SMALL,         Lang: ANSI-C
Start12.c.o                             Model: SMALL,         Lang: ANSI-C
rtshc12.c.o (ansisi.lib)                Model: SMALL,         Lang: ANSI-C
analog.c.o                              Model: SMALL,         Lang: ANSI-C
CRG.c.o                                 Model: SMALL,         Lang: ANSI-C
EEPROM.c.o                              Model: SMALL,         Lang: ANSI-C
FIFO.c.o                                Model: SMALL,         Lang: ANSI-C
packet.c.o                              Model: SMALL,         Lang: ANSI-C
SPI.c.o                                 Model: SMALL,         Lang: ANSI-C
timer.c.o                               Model: SMALL,         Lang: ANSI-C
SCI.c.o                                 Model: SMALL,         Lang: ANSI-C
buttons.c.o                             Model: SMALL,         Lang: ANSI-C
HMI.c.o                                 Model: SMALL,         Lang: ANSI-C
LCD.c.o                                 Model: SMALL,         Lang: ANSI-C
Math.c.o                                Model: SMALL,         Lang: ANSI-C
clock.c.o                               Model: SMALL,         Lang: ANSI-C
DEM.c.o                                 Model: SMALL,         Lang: ANSI-C

*********************************************************************************************
STARTUP SECTION
---------------------------------------------------------------------------------------------

*********************************************************************************************
SECTION-ALLOCATION SECTION
Section Name                    Size  Type     From       To       Segment
---------------------------------------------------------------------------------------------
.abs_section_8                     1   N/I        0x8        0x8   .absSeg0
.abs_section_9                     1   N/I        0x9        0x9   .absSeg1
.abs_section_a                     1   N/I        0xA        0xA   .absSeg2
.abs_section_b                     1   N/I        0xB        0xB   .absSeg3
.abs_section_c                     1   N/I        0xC        0xC   .absSeg4
.abs_section_d                     1   N/I        0xD        0xD   .absSeg5
.abs_section_e                     1   N/I        0xE        0xE   .absSeg6
.abs_section_10                    1   N/I       0x10       0x10   .absSeg7
.abs_section_11                    1   N/I       0x11       0x11   .absSeg8
.abs_section_12                    1   N/I       0x12       0x12   .absSeg9
.abs_section_13                    1   N/I       0x13       0x13   .absSeg10
.abs_section_15                    1   N/I       0x15       0x15   .absSeg11
.abs_section_16                    1   N/I       0x16       0x16   .absSeg12
.abs_section_1c                    1   N/I       0x1C       0x1C   .absSeg13
.abs_section_1d                    1   N/I       0x1D       0x1D   .absSeg14
.abs_section_1e                    1   N/I       0x1E       0x1E   .absSeg15
.abs_section_1f                    1   N/I       0x1F       0x1F   .absSeg16
.abs_section_28                    1   N/I       0x28       0x28   .absSeg17
.abs_section_29                    1   N/I       0x29       0x29   .absSeg18
.abs_section_2a                    1   N/I       0x2A       0x2A   .absSeg19
.abs_section_2b                    1   N/I       0x2B       0x2B   .absSeg20
.abs_section_2c                    1   N/I       0x2C       0x2C   .absSeg21
.abs_section_2d                    1   N/I       0x2D       0x2D   .absSeg22
.abs_section_2e                    1   N/I       0x2E       0x2E   .absSeg23
.abs_section_2f                    1   N/I       0x2F       0x2F   .absSeg24
.abs_section_30                    1   N/I       0x30       0x30   .absSeg25
.abs_section_32                    1   N/I       0x32       0x32   .absSeg26
.abs_section_33                    1   N/I       0x33       0x33   .absSeg27
.abs_section_34                    1   N/I       0x34       0x34   .absSeg28
.abs_section_35                    1   N/I       0x35       0x35   .absSeg29
.abs_section_37                    1   N/I       0x37       0x37   .absSeg30
.abs_section_38                    1   N/I       0x38       0x38   .absSeg31
.abs_section_39                    1   N/I       0x39       0x39   .absSeg32
.abs_section_3a                    1   N/I       0x3A       0x3A   .absSeg33
.abs_section_3b                    1   N/I       0x3B       0x3B   .absSeg34
.abs_section_3c                    1   N/I       0x3C       0x3C   .absSeg35
.abs_section_3f                    1   N/I       0x3F       0x3F   .absSeg36
.abs_section_40                    1   N/I       0x40       0x40   .absSeg37
.abs_section_41                    1   N/I       0x41       0x41   .absSeg38
.abs_section_42                    1   N/I       0x42       0x42   .absSeg39
.abs_section_43                    1   N/I       0x43       0x43   .absSeg40
.abs_section_46                    1   N/I       0x46       0x46   .absSeg41
.abs_section_47                    1   N/I       0x47       0x47   .absSeg42
.abs_section_48                    1   N/I       0x48       0x48   .absSeg43
.abs_section_49                    1   N/I       0x49       0x49   .absSeg44
.abs_section_4a                    1   N/I       0x4A       0x4A   .absSeg45
.abs_section_4b                    1   N/I       0x4B       0x4B   .absSeg46
.abs_section_4c                    1   N/I       0x4C       0x4C   .absSeg47
.abs_section_4d                    1   N/I       0x4D       0x4D   .absSeg48
.abs_section_4e                    1   N/I       0x4E       0x4E   .absSeg49
.abs_section_4f                    1   N/I       0x4F       0x4F   .absSeg50
.abs_section_60                    1   N/I       0x60       0x60   .absSeg51
.abs_section_61                    1   N/I       0x61       0x61   .absSeg52
.abs_section_66                    1   N/I       0x66       0x66   .absSeg53
.abs_section_67                    1   N/I       0x67       0x67   .absSeg54
.abs_section_68                    1   N/I       0x68       0x68   .absSeg55
.abs_section_69                    1   N/I       0x69       0x69   .absSeg56
.abs_section_6a                    1   N/I       0x6A       0x6A   .absSeg57
.abs_section_6b                    1   N/I       0x6B       0x6B   .absSeg58
.abs_section_70                    1   N/I       0x70       0x70   .absSeg59
.abs_section_71                    1   N/I       0x71       0x71   .absSeg60
.abs_section_86                    1   N/I       0x86       0x86   .absSeg61
.abs_section_89                    1   N/I       0x89       0x89   .absSeg62
.abs_section_8b                    1   N/I       0x8B       0x8B   .absSeg63
.abs_section_8d                    1   N/I       0x8D       0x8D   .absSeg64
.abs_section_8f                    1   N/I       0x8F       0x8F   .absSeg65
.abs_section_a0                    1   N/I       0xA0       0xA0   .absSeg66
.abs_section_a1                    1   N/I       0xA1       0xA1   .absSeg67
.abs_section_a2                    1   N/I       0xA2       0xA2   .absSeg68
.abs_section_a3                    1   N/I       0xA3       0xA3   .absSeg69
.abs_section_a4                    1   N/I       0xA4       0xA4   .absSeg70
.abs_section_a5                    1   N/I       0xA5       0xA5   .absSeg71
.abs_section_a8                    1   N/I       0xA8       0xA8   .absSeg72
.abs_section_a9                    1   N/I       0xA9       0xA9   .absSeg73
.abs_section_c4                    1   N/I       0xC4       0xC4   .absSeg74
.abs_section_ca                    1   N/I       0xCA       0xCA   .absSeg75
.abs_section_cb                    1   N/I       0xCB       0xCB   .absSeg76
.abs_section_cc                    1   N/I       0xCC       0xCC   .absSeg77
.abs_section_cd                    1   N/I       0xCD       0xCD   .absSeg78
.abs_section_ce                    1   N/I       0xCE       0xCE   .absSeg79
.abs_section_cf                    1   N/I       0xCF       0xCF   .absSeg80
.abs_section_d2                    1   N/I       0xD2       0xD2   .absSeg81
.abs_section_d3                    1   N/I       0xD3       0xD3   .absSeg82
.abs_section_d4                    1   N/I       0xD4       0xD4   .absSeg83
.abs_section_d5                    1   N/I       0xD5       0xD5   .absSeg84
.abs_section_d6                    1   N/I       0xD6       0xD6   .absSeg85
.abs_section_d7                    1   N/I       0xD7       0xD7   .absSeg86
.abs_section_d8                    1   N/I       0xD8       0xD8   .absSeg87
.abs_section_d9                    1   N/I       0xD9       0xD9   .absSeg88
.abs_section_da                    1   N/I       0xDA       0xDA   .absSeg89
.abs_section_db                    1   N/I       0xDB       0xDB   .absSeg90
.abs_section_dd                    1   N/I       0xDD       0xDD   .absSeg91
.abs_section_e0                    1   N/I       0xE0       0xE0   .absSeg92
.abs_section_e1                    1   N/I       0xE1       0xE1   .absSeg93
.abs_section_e2                    1   N/I       0xE2       0xE2   .absSeg94
.abs_section_e3                    1   N/I       0xE3       0xE3   .absSeg95
.abs_section_e4                    1   N/I       0xE4       0xE4   .absSeg96
.abs_section_f0                    1   N/I       0xF0       0xF0   .absSeg97
.abs_section_f1                    1   N/I       0xF1       0xF1   .absSeg98
.abs_section_f2                    1   N/I       0xF2       0xF2   .absSeg99
.abs_section_f3                    1   N/I       0xF3       0xF3   .absSeg100
.abs_section_f5                    1   N/I       0xF5       0xF5   .absSeg101
.abs_section_f8                    1   N/I       0xF8       0xF8   .absSeg102
.abs_section_f9                    1   N/I       0xF9       0xF9   .absSeg103
.abs_section_fa                    1   N/I       0xFA       0xFA   .absSeg104
.abs_section_fb                    1   N/I       0xFB       0xFB   .absSeg105
.abs_section_fd                    1   N/I       0xFD       0xFD   .absSeg106
.abs_section_100                   1   N/I      0x100      0x100   .absSeg107
.abs_section_101                   1   N/I      0x101      0x101   .absSeg108
.abs_section_103                   1   N/I      0x103      0x103   .absSeg109
.abs_section_104                   1   N/I      0x104      0x104   .absSeg110
.abs_section_105                   1   N/I      0x105      0x105   .absSeg111
.abs_section_106                   1   N/I      0x106      0x106   .absSeg112
.abs_section_110                   1   N/I      0x110      0x110   .absSeg113
.abs_section_113                   1   N/I      0x113      0x113   .absSeg114
.abs_section_114                   1   N/I      0x114      0x114   .absSeg115
.abs_section_115                   1   N/I      0x115      0x115   .absSeg116
.abs_section_116                   1   N/I      0x116      0x116   .absSeg117
.abs_section_126                   1   N/I      0x126      0x126   .absSeg118
.abs_section_129                   1   N/I      0x129      0x129   .absSeg119
.abs_section_12b                   1   N/I      0x12B      0x12B   .absSeg120
.abs_section_12d                   1   N/I      0x12D      0x12D   .absSeg121
.abs_section_12f                   1   N/I      0x12F      0x12F   .absSeg122
.abs_section_240                   1   N/I      0x240      0x240   .absSeg123
.abs_section_241                   1   N/I      0x241      0x241   .absSeg124
.abs_section_242                   1   N/I      0x242      0x242   .absSeg125
.abs_section_243                   1   N/I      0x243      0x243   .absSeg126
.abs_section_244                   1   N/I      0x244      0x244   .absSeg127
.abs_section_245                   1   N/I      0x245      0x245   .absSeg128
.abs_section_248                   1   N/I      0x248      0x248   .absSeg129
.abs_section_249                   1   N/I      0x249      0x249   .absSeg130
.abs_section_24a                   1   N/I      0x24A      0x24A   .absSeg131
.abs_section_24b                   1   N/I      0x24B      0x24B   .absSeg132
.abs_section_24c                   1   N/I      0x24C      0x24C   .absSeg133
.abs_section_24d                   1   N/I      0x24D      0x24D   .absSeg134
.abs_section_24e                   1   N/I      0x24E      0x24E   .absSeg135
.abs_section_250                   1   N/I      0x250      0x250   .absSeg136
.abs_section_251                   1   N/I      0x251      0x251   .absSeg137
.abs_section_252                   1   N/I      0x252      0x252   .absSeg138
.abs_section_253                   1   N/I      0x253      0x253   .absSeg139
.abs_section_254                   1   N/I      0x254      0x254   .absSeg140
.abs_section_255                   1   N/I      0x255      0x255   .absSeg141
.abs_section_256                   1   N/I      0x256      0x256   .absSeg142
.abs_section_257                   1   N/I      0x257      0x257   .absSeg143
.abs_section_258                   1   N/I      0x258      0x258   .absSeg144
.abs_section_259                   1   N/I      0x259      0x259   .absSeg145
.abs_section_25a                   1   N/I      0x25A      0x25A   .absSeg146
.abs_section_25b                   1   N/I      0x25B      0x25B   .absSeg147
.abs_section_25c                   1   N/I      0x25C      0x25C   .absSeg148
.abs_section_25d                   1   N/I      0x25D      0x25D   .absSeg149
.abs_section_25e                   1   N/I      0x25E      0x25E   .absSeg150
.abs_section_25f                   1   N/I      0x25F      0x25F   .absSeg151
.abs_section_260                   1   N/I      0x260      0x260   .absSeg152
.abs_section_261                   1   N/I      0x261      0x261   .absSeg153
.abs_section_262                   1   N/I      0x262      0x262   .absSeg154
.abs_section_263                   1   N/I      0x263      0x263   .absSeg155
.abs_section_264                   1   N/I      0x264      0x264   .absSeg156
.abs_section_265                   1   N/I      0x265      0x265   .absSeg157
.abs_section_266                   1   N/I      0x266      0x266   .absSeg158
.abs_section_267                   1   N/I      0x267      0x267   .absSeg159
.abs_section_268                   1   N/I      0x268      0x268   .absSeg160
.abs_section_269                   1   N/I      0x269      0x269   .absSeg161
.abs_section_26a                   1   N/I      0x26A      0x26A   .absSeg162
.abs_section_26b                   1   N/I      0x26B      0x26B   .absSeg163
.abs_section_26c                   1   N/I      0x26C      0x26C   .absSeg164
.abs_section_26d                   1   N/I      0x26D      0x26D   .absSeg165
.abs_section_26e                   1   N/I      0x26E      0x26E   .absSeg166
.abs_section_26f                   1   N/I      0x26F      0x26F   .absSeg167
.abs_section_0                     2   N/I        0x0        0x1   .absSeg168
.abs_section_2                     2   N/I        0x2        0x3   .absSeg169
.abs_section_1a                    2   N/I       0x1A       0x1B   .absSeg170
.abs_section_44                    2   N/I       0x44       0x45   .absSeg171
.abs_section_50                    2   N/I       0x50       0x51   .absSeg172
.abs_section_52                    2   N/I       0x52       0x53   .absSeg173
.abs_section_54                    2   N/I       0x54       0x55   .absSeg174
.abs_section_56                    2   N/I       0x56       0x57   .absSeg175
.abs_section_58                    2   N/I       0x58       0x59   .absSeg176
.abs_section_5a                    2   N/I       0x5A       0x5B   .absSeg177
.abs_section_5c                    2   N/I       0x5C       0x5D   .absSeg178
.abs_section_5e                    2   N/I       0x5E       0x5F   .absSeg179
.abs_section_62                    2   N/I       0x62       0x63   .absSeg180
.abs_section_64                    2   N/I       0x64       0x65   .absSeg181
.abs_section_72                    2   N/I       0x72       0x73   .absSeg182
.abs_section_74                    2   N/I       0x74       0x75   .absSeg183
.abs_section_76                    2   N/I       0x76       0x77   .absSeg184
.abs_section_78                    2   N/I       0x78       0x79   .absSeg185
.abs_section_7a                    2   N/I       0x7A       0x7B   .absSeg186
.abs_section_7c                    2   N/I       0x7C       0x7D   .absSeg187
.abs_section_7e                    2   N/I       0x7E       0x7F   .absSeg188
.abs_section_82                    2   N/I       0x82       0x83   .absSeg189
.abs_section_84                    2   N/I       0x84       0x85   .absSeg190
.abs_section_90                    2   N/I       0x90       0x91   .absSeg191
.abs_section_92                    2   N/I       0x92       0x93   .absSeg192
.abs_section_94                    2   N/I       0x94       0x95   .absSeg193
.abs_section_96                    2   N/I       0x96       0x97   .absSeg194
.abs_section_98                    2   N/I       0x98       0x99   .absSeg195
.abs_section_9a                    2   N/I       0x9A       0x9B   .absSeg196
.abs_section_9c                    2   N/I       0x9C       0x9D   .absSeg197
.abs_section_9e                    2   N/I       0x9E       0x9F   .absSeg198
.abs_section_ac                    2   N/I       0xAC       0xAD   .absSeg199
.abs_section_ae                    2   N/I       0xAE       0xAF   .absSeg200
.abs_section_b0                    2   N/I       0xB0       0xB1   .absSeg201
.abs_section_b2                    2   N/I       0xB2       0xB3   .absSeg202
.abs_section_b4                    2   N/I       0xB4       0xB5   .absSeg203
.abs_section_b6                    2   N/I       0xB6       0xB7   .absSeg204
.abs_section_b8                    2   N/I       0xB8       0xB9   .absSeg205
.abs_section_ba                    2   N/I       0xBA       0xBB   .absSeg206
.abs_section_bc                    2   N/I       0xBC       0xBD   .absSeg207
.abs_section_be                    2   N/I       0xBE       0xBF   .absSeg208
.abs_section_c0                    2   N/I       0xC0       0xC1   .absSeg209
.abs_section_c2                    2   N/I       0xC2       0xC3   .absSeg210
.abs_section_c8                    2   N/I       0xC8       0xC9   .absSeg211
.abs_section_d0                    2   N/I       0xD0       0xD1   .absSeg212
.abs_section_122                   2   N/I      0x122      0x123   .absSeg213
.abs_section_124                   2   N/I      0x124      0x125   .absSeg214
.abs_section_130                   2   N/I      0x130      0x131   .absSeg215
.abs_section_132                   2   N/I      0x132      0x133   .absSeg216
.abs_section_134                   2   N/I      0x134      0x135   .absSeg217
.abs_section_136                   2   N/I      0x136      0x137   .absSeg218
.abs_section_138                   2   N/I      0x138      0x139   .absSeg219
.abs_section_13a                   2   N/I      0x13A      0x13B   .absSeg220
.abs_section_13c                   2   N/I      0x13C      0x13D   .absSeg221
.abs_section_13e                   2   N/I      0x13E      0x13F   .absSeg222
.abs_section_ffca                  2     R     0xFFCA     0xFFCB   .absSeg223
.abs_section_fff0                  2     R     0xFFF0     0xFFF1   .absSeg224
.abs_section_ffe6                  2     R     0xFFE6     0xFFE7   .absSeg225
.abs_section_ffd6                  2     R     0xFFD6     0xFFD7   .absSeg226
.abs_section_ffe0                  2     R     0xFFE0     0xFFE1   .absSeg227
.abs_section_ffe4                  2     R     0xFFE4     0xFFE5   .absSeg228

Summary of section sizes per section type:
READ_ONLY (R):           C (dec:       12)
NO_INIT (N/I):         116 (dec:      278)

*********************************************************************************************
VECTOR-ALLOCATION SECTION
    Address     InitValue   InitFunction
---------------------------------------------------------------------------------------------

*********************************************************************************************
OBJECT-ALLOCATION SECTION
     Name               Module                 Addr   hSize   dSize     Ref    Section   RLIB
---------------------------------------------------------------------------------------------
MODULE:                 -- mc9s12a256.c.o --
- PROCEDURES:
- VARIABLES:
     _PORTE                                       8       1       1       0   .abs_section_8
     _DDRE                                        9       1       1       0   .abs_section_9
     _PEAR                                        A       1       1       0   .abs_section_a
     _MODE                                        B       1       1       0   .abs_section_b
     _PUCR                                        C       1       1       0   .abs_section_c
     _RDRIV                                       D       1       1       0   .abs_section_d
     _EBICTL                                      E       1       1       0   .abs_section_e
     _INITRM                                     10       1       1       0   .abs_section_10
     _INITRG                                     11       1       1       0   .abs_section_11
     _INITEE                                     12       1       1       0   .abs_section_12
     _MISC                                       13       1       1       0   .abs_section_13
     _ITCR                                       15       1       1       0   .abs_section_15
     _ITEST                                      16       1       1       0   .abs_section_16
     _MEMSIZ0                                    1C       1       1       0   .abs_section_1c
     _MEMSIZ1                                    1D       1       1       0   .abs_section_1d
     _INTCR                                      1E       1       1       0   .abs_section_1e
     _HPRIO                                      1F       1       1       0   .abs_section_1f
     _BKPCT0                                     28       1       1       0   .abs_section_28
     _BKPCT1                                     29       1       1       0   .abs_section_29
     _BKP0X                                      2A       1       1       0   .abs_section_2a
     _BKP0H                                      2B       1       1       0   .abs_section_2b
     _BKP0L                                      2C       1       1       0   .abs_section_2c
     _BKP1X                                      2D       1       1       0   .abs_section_2d
     _BKP1H                                      2E       1       1       0   .abs_section_2e
     _BKP1L                                      2F       1       1       0   .abs_section_2f
     _PPAGE                                      30       1       1       0   .abs_section_30
     _PORTK                                      32       1       1       0   .abs_section_32
     _DDRK                                       33       1       1       0   .abs_section_33
     _SYNR                                       34       1       1       0   .abs_section_34
     _REFDV                                      35       1       1       0   .abs_section_35
     _CRGFLG                                     37       1       1       0   .abs_section_37
     _CRGINT                                     38       1       1       0   .abs_section_38
     _CLKSEL                                     39       1       1       0   .abs_section_39
     _PLLCTL                                     3A       1       1       0   .abs_section_3a
     _RTICTL                                     3B       1       1       0   .abs_section_3b
     _COPCTL                                     3C       1       1       0   .abs_section_3c
     _ARMCOP                                     3F       1       1       0   .abs_section_3f
     _TIOS                                       40       1       1       0   .abs_section_40
     _CFORC                                      41       1       1       0   .abs_section_41
     _OC7M                                       42       1       1       0   .abs_section_42
     _OC7D                                       43       1       1       0   .abs_section_43
     _TSCR1                                      46       1       1       0   .abs_section_46
     _TTOV                                       47       1       1       0   .abs_section_47
     _TCTL1                                      48       1       1       0   .abs_section_48
     _TCTL2                                      49       1       1       0   .abs_section_49
     _TCTL3                                      4A       1       1       0   .abs_section_4a
     _TCTL4                                      4B       1       1       0   .abs_section_4b
     _TIE                                        4C       1       1       0   .abs_section_4c
     _TSCR2                                      4D       1       1       0   .abs_section_4d
     _TFLG1                                      4E       1       1       0   .abs_section_4e
     _TFLG2                                      4F       1       1       0   .abs_section_4f
     _PACTL                                      60       1       1       0   .abs_section_60
     _PAFLG                                      61       1       1       0   .abs_section_61
     _MCCTL                                      66       1       1       0   .abs_section_66
     _MCFLG                                      67       1       1       0   .abs_section_67
     _ICPAR                                      68       1       1       0   .abs_section_68
     _DLYCT                                      69       1       1       0   .abs_section_69
     _ICOVW                                      6A       1       1       0   .abs_section_6a
     _ICSYS                                      6B       1       1       0   .abs_section_6b
     _PBCTL                                      70       1       1       0   .abs_section_70
     _PBFLG                                      71       1       1       0   .abs_section_71
     _ATD0STAT0                                  86       1       1       0   .abs_section_86
     _ATD0TEST1                                  89       1       1       0   .abs_section_89
     _ATD0STAT1                                  8B       1       1       0   .abs_section_8b
     _ATD0DIEN                                   8D       1       1       0   .abs_section_8d
     _PORTAD0                                    8F       1       1       0   .abs_section_8f
     _PWME                                       A0       1       1       0   .abs_section_a0
     _PWMPOL                                     A1       1       1       0   .abs_section_a1
     _PWMCLK                                     A2       1       1       0   .abs_section_a2
     _PWMPRCLK                                   A3       1       1       0   .abs_section_a3
     _PWMCAE                                     A4       1       1       0   .abs_section_a4
     _PWMCTL                                     A5       1       1       0   .abs_section_a5
     _PWMSCLA                                    A8       1       1       0   .abs_section_a8
     _PWMSCLB                                    A9       1       1       0   .abs_section_a9
     _PWMSDN                                     C4       1       1       0   .abs_section_c4
     _SCI0CR1                                    CA       1       1       0   .abs_section_ca
     _SCI0CR2                                    CB       1       1       0   .abs_section_cb
     _SCI0SR1                                    CC       1       1       0   .abs_section_cc
     _SCI0SR2                                    CD       1       1       0   .abs_section_cd
     _SCI0DRH                                    CE       1       1       0   .abs_section_ce
     _SCI0DRL                                    CF       1       1       0   .abs_section_cf
     _SCI1CR1                                    D2       1       1       0   .abs_section_d2
     _SCI1CR2                                    D3       1       1       0   .abs_section_d3
     _SCI1SR1                                    D4       1       1       0   .abs_section_d4
     _SCI1SR2                                    D5       1       1       0   .abs_section_d5
     _SCI1DRH                                    D6       1       1       0   .abs_section_d6
     _SCI1DRL                                    D7       1       1       0   .abs_section_d7
     _SPI0CR1                                    D8       1       1       0   .abs_section_d8
     _SPI0CR2                                    D9       1       1       0   .abs_section_d9
     _SPI0BR                                     DA       1       1       0   .abs_section_da
     _SPI0SR                                     DB       1       1       0   .abs_section_db
     _SPI0DR                                     DD       1       1       0   .abs_section_dd
     _IBAD                                       E0       1       1       0   .abs_section_e0
     _IBFD                                       E1       1       1       0   .abs_section_e1
     _IBCR                                       E2       1       1       0   .abs_section_e2
     _IBSR                                       E3       1       1       0   .abs_section_e3
     _IBDR                                       E4       1       1       0   .abs_section_e4
     _SPI1CR1                                    F0       1       1       0   .abs_section_f0
     _SPI1CR2                                    F1       1       1       0   .abs_section_f1
     _SPI1BR                                     F2       1       1       0   .abs_section_f2
     _SPI1SR                                     F3       1       1       0   .abs_section_f3
     _SPI1DR                                     F5       1       1       0   .abs_section_f5
     _SPI2CR1                                    F8       1       1       0   .abs_section_f8
     _SPI2CR2                                    F9       1       1       0   .abs_section_f9
     _SPI2BR                                     FA       1       1       0   .abs_section_fa
     _SPI2SR                                     FB       1       1       0   .abs_section_fb
     _SPI2DR                                     FD       1       1       0   .abs_section_fd
     _FCLKDIV                                   100       1       1       0   .abs_section_100
     _FSEC                                      101       1       1       0   .abs_section_101
     _FCNFG                                     103       1       1       0   .abs_section_103
     _FPROT                                     104       1       1       0   .abs_section_104
     _FSTAT                                     105       1       1       0   .abs_section_105
     _FCMD                                      106       1       1       0   .abs_section_106
     _ECLKDIV                                   110       1       1       0   .abs_section_110
     _ECNFG                                     113       1       1       0   .abs_section_113
     _EPROT                                     114       1       1       0   .abs_section_114
     _ESTAT                                     115       1       1       0   .abs_section_115
     _ECMD                                      116       1       1       0   .abs_section_116
     _ATD1STAT0                                 126       1       1       0   .abs_section_126
     _ATD1TEST1                                 129       1       1       0   .abs_section_129
     _ATD1STAT1                                 12B       1       1       0   .abs_section_12b
     _ATD1DIEN                                  12D       1       1       0   .abs_section_12d
     _PORTAD1                                   12F       1       1       0   .abs_section_12f
     _PTT                                       240       1       1       0   .abs_section_240
     _PTIT                                      241       1       1       0   .abs_section_241
     _DDRT                                      242       1       1       0   .abs_section_242
     _RDRT                                      243       1       1       0   .abs_section_243
     _PERT                                      244       1       1       0   .abs_section_244
     _PPST                                      245       1       1       0   .abs_section_245
     _PTS                                       248       1       1       0   .abs_section_248
     _PTIS                                      249       1       1       0   .abs_section_249
     _DDRS                                      24A       1       1       0   .abs_section_24a
     _RDRS                                      24B       1       1       0   .abs_section_24b
     _PERS                                      24C       1       1       0   .abs_section_24c
     _PPSS                                      24D       1       1       0   .abs_section_24d
     _WOMS                                      24E       1       1       0   .abs_section_24e
     _PTM                                       250       1       1       0   .abs_section_250
     _PTIM                                      251       1       1       0   .abs_section_251
     _DDRM                                      252       1       1       0   .abs_section_252
     _RDRM                                      253       1       1       0   .abs_section_253
     _PERM                                      254       1       1       0   .abs_section_254
     _PPSM                                      255       1       1       0   .abs_section_255
     _WOMM                                      256       1       1       0   .abs_section_256
     _MODRR                                     257       1       1       0   .abs_section_257
     _PTP                                       258       1       1       0   .abs_section_258
     _PTIP                                      259       1       1       0   .abs_section_259
     _DDRP                                      25A       1       1       0   .abs_section_25a
     _RDRP                                      25B       1       1       0   .abs_section_25b
     _PERP                                      25C       1       1       0   .abs_section_25c
     _PPSP                                      25D       1       1       0   .abs_section_25d
     _PIEP                                      25E       1       1       0   .abs_section_25e
     _PIFP                                      25F       1       1       0   .abs_section_25f
     _PTH                                       260       1       1       0   .abs_section_260
     _PTIH                                      261       1       1       0   .abs_section_261
     _DDRH                                      262       1       1       0   .abs_section_262
     _RDRH                                      263       1       1       0   .abs_section_263
     _PERH                                      264       1       1       0   .abs_section_264
     _PPSH                                      265       1       1       0   .abs_section_265
     _PIEH                                      266       1       1       0   .abs_section_266
     _PIFH                                      267       1       1       0   .abs_section_267
     _PTJ                                       268       1       1       0   .abs_section_268
     _PTIJ                                      269       1       1       0   .abs_section_269
     _DDRJ                                      26A       1       1       0   .abs_section_26a
     _RDRJ                                      26B       1       1       0   .abs_section_26b
     _PERJ                                      26C       1       1       0   .abs_section_26c
     _PPSJ                                      26D       1       1       0   .abs_section_26d
     _PIEJ                                      26E       1       1       0   .abs_section_26e
     _PIFJ                                      26F       1       1       0   .abs_section_26f
     _PORTAB                                      0       2       2       0   .abs_section_0
     _DDRAB                                       2       2       2       0   .abs_section_2
     _PARTID                                     1A       2       2       0   .abs_section_1a
     _TCNT                                       44       2       2       0   .abs_section_44
     _TC0                                        50       2       2       0   .abs_section_50
     _TC1                                        52       2       2       0   .abs_section_52
     _TC2                                        54       2       2       0   .abs_section_54
     _TC3                                        56       2       2       0   .abs_section_56
     _TC4                                        58       2       2       0   .abs_section_58
     _TC5                                        5A       2       2       0   .abs_section_5a
     _TC6                                        5C       2       2       0   .abs_section_5c
     _TC7                                        5E       2       2       0   .abs_section_5e
     _PACN32                                     62       2       2       0   .abs_section_62
     _PACN10                                     64       2       2       0   .abs_section_64
     _PA32H                                      72       2       2       0   .abs_section_72
     _PA10H                                      74       2       2       0   .abs_section_74
     _MCCNT                                      76       2       2       0   .abs_section_76
     _TC0H                                       78       2       2       0   .abs_section_78
     _TC1H                                       7A       2       2       0   .abs_section_7a
     _TC2H                                       7C       2       2       0   .abs_section_7c
     _TC3H                                       7E       2       2       0   .abs_section_7e
     _ATD0CTL23                                  82       2       2       0   .abs_section_82
     _ATD0CTL45                                  84       2       2       0   .abs_section_84
     _ATD0DR0                                    90       2       2       0   .abs_section_90
     _ATD0DR1                                    92       2       2       0   .abs_section_92
     _ATD0DR2                                    94       2       2       0   .abs_section_94
     _ATD0DR3                                    96       2       2       0   .abs_section_96
     _ATD0DR4                                    98       2       2       0   .abs_section_98
     _ATD0DR5                                    9A       2       2       0   .abs_section_9a
     _ATD0DR6                                    9C       2       2       0   .abs_section_9c
     _ATD0DR7                                    9E       2       2       0   .abs_section_9e
     _PWMCNT01                                   AC       2       2       0   .abs_section_ac
     _PWMCNT23                                   AE       2       2       0   .abs_section_ae
     _PWMCNT45                                   B0       2       2       0   .abs_section_b0
     _PWMCNT67                                   B2       2       2       0   .abs_section_b2
     _PWMPER01                                   B4       2       2       0   .abs_section_b4
     _PWMPER23                                   B6       2       2       0   .abs_section_b6
     _PWMPER45                                   B8       2       2       0   .abs_section_b8
     _PWMPER67                                   BA       2       2       0   .abs_section_ba
     _PWMDTY01                                   BC       2       2       0   .abs_section_bc
     _PWMDTY23                                   BE       2       2       0   .abs_section_be
     _PWMDTY45                                   C0       2       2       0   .abs_section_c0
     _PWMDTY67                                   C2       2       2       0   .abs_section_c2
     _SCI0BD                                     C8       2       2       0   .abs_section_c8
     _SCI1BD                                     D0       2       2       0   .abs_section_d0
     _ATD1CTL23                                 122       2       2       0   .abs_section_122
     _ATD1CTL45                                 124       2       2       0   .abs_section_124
     _ATD1DR0                                   130       2       2       0   .abs_section_130
     _ATD1DR1                                   132       2       2       0   .abs_section_132
     _ATD1DR2                                   134       2       2       0   .abs_section_134
     _ATD1DR3                                   136       2       2       0   .abs_section_136
     _ATD1DR4                                   138       2       2       0   .abs_section_138
     _ATD1DR5                                   13A       2       2       0   .abs_section_13a
     _ATD1DR6                                   13C       2       2       0   .abs_section_13c
     _ATD1DR7                                   13E       2       2       0   .abs_section_13e
MODULE:                 -- main.c.o --
- PROCEDURES:
     main                                         0'Error      F1     241       0   .text       
     HandlePacket                                 0'Error      C6     198       0   .text       
     MCCNT_ISR                                    0'Error      8C     140       0   .text       
     HandleStartupPacket                          0'Error      44      68       0   .text       
     HandleSpecialPacket                          0'Error      26      38       0   .text       
     HandleNumberPacket                           0'Error      2A      42       0   .text       
     HandleModePacket                             0'Error      15      21       0   .text       
     HandleEEPROMProgramPacket                    0'Error      25      37       0   .text       
     HandleEEPROMGetPacket                        0'Error      2A      42       0   .text       
     HandleTimePacket                             0'Error      12      18       0   .text       
     HandlePacketModePacket                       0'Error      28      40       0   .text       
     HandleAnalogValPacket                        0'Error      1F      31       0   .text       
     HandleTestModePack                           0'Error      11      17       0   .text       
     HandleTarrifPacket                           0'Error      22      34       0   .text       
     HandleTime1Packet                            0'Error      24      36       0   .text       
     HandleTime2Packet                            0'Error      24      36       0   .text       
     HandlePowerPacket                            0'Error      12      18       0   .text       
     HandleEnergyPacket                           0'Error      12      18       0   .text       
     HandleCostPacket                             0'Error      2C      44       0   .text       
     HandleFrquencyPacket                         0'Error       3       3       0   .text       
     HandleVRMS                                   0'Error       3       3       0   .text       
     HandleIRMS                                   0'Error       3       3       0   .text       
     HandlePFactor                                0'Error       3       3       0   .text       
- VARIABLES:
     Timer_Ch7_Delay                              0'Error       2       2       0   .rodata     
     SampleCount                                  0'Error       2       2       0   .bss        
     _Vector_26                                FFCA       2       2       0   .abs_section_ffca
     Packet                                       0'Error       4       4       0   .common     
     Packet_CommandOK                             0'Error       2       2       0   .common     
     Analog_Input                                 0'Error      50      80       0   .common     
     NbAnalogInputs                               0'Error       2       2       0   .common     
     NbAnalogOutputs                              0'Error       2       2       0   .common     
     Clock_Seconds                                0'Error       1       1       0   .common     
     Clock_Minutes                                0'Error       1       1       0   .common     
     Clock_Hours                                  0'Error       1       1       0   .common     
     Clock_Days                                   0'Error       1       1       0   .common     
     Clock_MicroSeconds                           0'Error       4       4       0   .common     
MODULE:                 -- Start12.c.o --
- PROCEDURES:
     Init                                         0'Error      29      41       0   .text       
     _Startup                                     0'Error       8       8       0   .text       
- VARIABLES:
     _startupData                                 0'Error       6       6       0   STARTUP_DATA
- LABELS:
     __SEG_END_SSTACK                             0'Error       0       0       0               
MODULE:                 -- rtshc12.c.o (ansisi.lib) --
- PROCEDURES:
     _LSHL                                        0'Error      11      17       0   RUNTIME     
     _LSHRU                                       0'Error      11      17       0   RUNTIME     
     _LCMP                                        0'Error      19      25       0   RUNTIME     
     _LINC                                        0'Error       5       5       0   RUNTIME     
     _lDivMod                                     0'Error      BE     190       0   RUNTIME     
     _LDIVU                                       0'Error       E      14       0   RUNTIME     
     _ILSEXT                                      0'Error       7       7       0   RUNTIME     
     _CASE_CHECKED                                0'Error       B      11       0   RUNTIME     
     _CASE_CHECKED_BYTE                           0'Error      14      20       0   RUNTIME     
     _CASE_SEARCH_8_BYTE                          0'Error      1A      26       0   RUNTIME     
- VARIABLES:
MODULE:                 -- analog.c.o --
- PROCEDURES:
     Analog_Setup                                 0'Error      3D      61       0   .text       
     PWM_Setup                                    0'Error      7D     125       0   .text       
     Analog_Get                                   0'Error      C6     198       0   .text       
     Analog_Put                                   0'Error      CB     203       0   .text       
- VARIABLES:
MODULE:                 -- CRG.c.o --
- PROCEDURES:
     CRG_SetupPLL                                 0'Error      51      81       0   .text       
     CRG_SetupCOP                                 0'Error      21      33       0   .text       
     CRG_SetupRTI                                 0'Error       E      14       0   .text       
     CRG_RTI_ISR                                  0'Error      24      36       0   .text       
- VARIABLES:
     _Vector_7                                 FFF0       2       2       0   .abs_section_fff0
MODULE:                 -- EEPROM.c.o --
- PROCEDURES:
     EEPROM_Setup                                 0'Error     13A     314       0   .text       
     EEPROM_Write32                               0'Error      50      80       0   .text       
     EEPROM_Write16                               0'Error      43      67       0   .text       
     EEPROM_Write8                                0'Error      2C      44       0   .text       
     EEPROM_Erase                                 0'Error      36      54       0   .text       
     Write                                        0'Error      37      55       0   .text       
- VARIABLES:
MODULE:                 -- FIFO.c.o --
- PROCEDURES:
     FIFO_Init                                    0'Error       F      15       0   .text       
     FIFO_Put                                     0'Error      3F      63       0   .text       
     FIFO_Get                                     0'Error      3D      61       0   .text       
- VARIABLES:
MODULE:                 -- packet.c.o --
- PROCEDURES:
     Packet_Setup                                 0'Error      1B      27       0   .text       
     Packet_Put                                   0'Error      4B      75       0   .text       
     Packet_Get                                   0'Error      64     100       0   .text       
     shuffleFSM                                   0'Error      2C      44       0   .text       
- VARIABLES:
     FSM                                          0'Error       F      15       0   .bss        
     StateIndex                                   0'Error       1       1       0   .bss        
     bSwapFlag                                    0'Error       2       2       0   .bss        
MODULE:                 -- SPI.c.o --
- PROCEDURES:
     SPI_Setup                                    0'Error      67     103       0   .text       
     SPI_ExchangeChar                             0'Error      15      21       0   .text       
- VARIABLES:
MODULE:                 -- timer.c.o --
- PROCEDURES:
     Timer_SetupPulseAccumulators                 0'Error      31      49       0   .text       
     Timer_SetupPeriodicTimer                     0'Error      2E      46       0   .text       
     Timer_PeriodicTimerEnable                    0'Error      1B      27       0   .text       
     Timer_Setup                                  0'Error      22      34       0   .text       
     Timer_Init                                   0'Error     3A7     935       0   .text       
     Timer_Enable                                 0'Error      80     128       0   .text       
     Timer_Enabled                                0'Error      62      98       0   .text       
     Timer_Set                                    0'Error      37      55       0   .text       
     TI6_ISR                                      0'Error       8       8       0   .text       
- VARIABLES:
     _Vector_12                                FFE6       2       2       0   .abs_section_ffe6
MODULE:                 -- SCI.c.o --
- PROCEDURES:
     SCI_Setup                                    0'Error      61      97       0   .text       
     SCI_InChar                                   0'Error       E      14       0   .text       
     SCI_OutChar                                  0'Error      15      21       0   .text       
     SendData                                     0'Error      30      48       0   .text       
     SCI0_ISR                                     0'Error      10      16       0   .text       
     TIE7_ISR                                     0'Error      13      19       0   .text       
- VARIABLES:
     RxFIFO                                       0'Error     106     262       0   .bss        
     TxFIFO                                       0'Error     106     262       0   .bss        
     i                                            0'Error       1       1       0   .bss        
     _Vector_20                                FFD6       2       2       0   .abs_section_ffd6
     _Vector_15                                FFE0       2       2       0   .abs_section_ffe0
MODULE:                 -- buttons.c.o --
- PROCEDURES:
     Buttons_Get                                  0'Error      19      25       0   .text       
- VARIABLES:
MODULE:                 -- HMI.c.o --
- PROCEDURES:
     HMI_Setup                                    0'Error      7C     124       0   .text       
     HMI_Update                                   0'Error     19B     411       0   .text       
     TIE5_ISR                                     0'Error      42      66       0   .text       
     CreateMenu                                   0'Error     25B     603       0   .text       
     HandleButtonPress                            0'Error      49      73       0   .text       
- VARIABLES:
     STRING..Tarrif..1                            0'Error       9       9       0   .rodata1    
     STRING..xx.xx.xx.xx...2                      0'Error       F      15       0   .rodata1    
     STRING..Tarrif..3                            0'Error       9       9       0   .rodata1    
     STRING..Tarrif..4                            0'Error       9       9       0   .rodata1    
     STRING..xxx.xxx.......5                      0'Error       F      15       0   .rodata1    
     STRING..Tarrif..6                            0'Error       9       9       0   .rodata1    
     STRING..xxxx.xx.......7                      0'Error       F      15       0   .rodata1    
     STRING..................8                    0'Error      11      17       0   .rodata1    
     STRING..................9                    0'Error      11      17       0   .rodata1    
     STRING..................10                   0'Error      11      17       0   .rodata1    
     STRING..................11                   0'Error      11      17       0   .rodata1    
     STRING..................12                   0'Error      11      17       0   .rodata1    
     STRING..................13                   0'Error      11      17       0   .rodata1    
     STRING..................14                   0'Error      11      17       0   .rodata1    
     STRING..................15                   0'Error      11      17       0   .rodata1    
     STRING..................16                   0'Error      11      17       0   .rodata1    
     STRING..Metering.Time...17                   0'Error      11      17       0   .rodata1    
     STRING..xx.xx.xx.xx...18                     0'Error       F      15       0   .rodata1    
     STRING..Tarrif..19                           0'Error       9       9       0   .rodata1    
     STRING..................20                   0'Error      11      17       0   .rodata1    
     STRING..................21                   0'Error      11      17       0   .rodata1    
     STRING..................22                   0'Error      11      17       0   .rodata1    
     STRING........CYC.......23                   0'Error      11      17       0   .rodata1    
     STRING..................24                   0'Error      11      17       0   .rodata1    
     STRING.....Ave.Power....25                   0'Error      11      17       0   .rodata1    
     STRING..Tarrif..26                           0'Error       9       9       0   .rodata1    
     STRING..................27                   0'Error      11      17       0   .rodata1    
     STRING..................28                   0'Error      11      17       0   .rodata1    
     STRING..................29                   0'Error      11      17       0   .rodata1    
     STRING........CYC.......30                   0'Error      11      17       0   .rodata1    
     STRING..................31                   0'Error      11      17       0   .rodata1    
     STRING...Total.Energy...32                   0'Error      11      17       0   .rodata1    
     STRING..xxx.xxx.......33                     0'Error       F      15       0   .rodata1    
     STRING..Tarrif..34                           0'Error       9       9       0   .rodata1    
     STRING..................35                   0'Error      11      17       0   .rodata1    
     STRING..................36                   0'Error      11      17       0   .rodata1    
     STRING..................37                   0'Error      11      17       0   .rodata1    
     STRING........CYC.......38                   0'Error      11      17       0   .rodata1    
     STRING..................39                   0'Error      11      17       0   .rodata1    
     STRING....Total.Cost....40                   0'Error      11      17       0   .rodata1    
     STRING..xxxx.xx.......41                     0'Error       F      15       0   .rodata1    
     STRING..Tarrif..42                           0'Error       9       9       0   .rodata1    
     STRING..................43                   0'Error      11      17       0   .rodata1    
     STRING..................44                   0'Error      11      17       0   .rodata1    
     STRING..................45                   0'Error      11      17       0   .rodata1    
     STRING........CYC.......46                   0'Error      11      17       0   .rodata1    
     X                                            0'Error       1       1       0   .bss        
     Y                                            0'Error       1       1       0   .bss        
     PBState                                      0'Error       2       2       0   .bss        
     PrevPBState                                  0'Error       2       2       0   .bss        
     LCDState                                     0'Error       2       2       0   .bss        
     _Vector_13                                FFE4       2       2       0   .abs_section_ffe4
     Clock_Interval                               0'Error       4       4       0   .common     
     DEM_Average_Power                            0'Error       2       2       0   .common     
     DEM_AvePower_Array                           0'Error      20      32       0   .common     
     DEM_Total_Energy                             0'Error       4       4       0   .common     
     DEM_Total_Cost                               0'Error       4       4       0   .common     
     DEM_Tarrif                                   0'Error       2       2       0   .common     
MODULE:                 -- LCD.c.o --
- PROCEDURES:
     LCD_Setup                                    0'Error      9A     154       0   .text       
     LCD_Clear                                    0'Error      19      25       0   .text       
     LCD_ClearLine                                0'Error       9       9       0   .text       
     LCD_CursorHome                               0'Error       8       8       0   .text       
     LCD_TextHome                                 0'Error       D      13       0   .text       
     LCD_TextArea                                 0'Error       C      12       0   .text       
     LCD_OutChar                                  0'Error      14      20       0   .text       
     LCD_OutInteger                               0'Error      C2     194       0   .text       
     LCD_OutString                                0'Error      1F      31       0   .text       
     LCD_SetFunction                              0'Error      2C      44       0   .text       
     LCD_SetLine                                  0'Error       B      11       0   .text       
     LCD_DisplayOff                               0'Error       5       5       0   .text       
     LCD_DisplayOn                                0'Error       5       5       0   .text       
     SetCGAddress                                 0'Error      12      18       0   .text       
     SetRAMAddress                                0'Error      12      18       0   .text       
     StatusCheck                                  0'Error      1E      30       0   .text       
     WaitForReady                                 0'Error       7       7       0   .text       
     WriteCommand                                 0'Error      1A      26       0   .text       
     WriteData                                    0'Error      1A      26       0   .text       
- VARIABLES:
     STRING..................1                    0'Error      11      17       0   .rodata1    
MODULE:                 -- Math.c.o --
- PROCEDURES:
     Math_ToQN                                    0'Error       8       8       0   .text       
     Math_FromQN                                  0'Error      3F      63       0   .text       
     Math_FindPower                               0'Error       8       8       0   .text       
     Math_FindEnergy                              0'Error      27      39       0   .text       
     Math_FindCost                                0'Error      22      34       0   .text       
- VARIABLES:
MODULE:                 -- clock.c.o --
- PROCEDURES:
     Clock_Setup                                  0'Error      11      17       0   .text       
     Clock_Update                                 0'Error      C7     199       0   .text       
     Clock_TimeInHours                            0'Error      40      64       0   .text       
- VARIABLES:
MODULE:                 -- DEM.c.o --
- PROCEDURES:
     DEM_SetTarrif                                0'Error      2D      45       0   .text       
- VARIABLES:

*********************************************************************************************
MODULE STATISTIC
  Name                                      Data   Code  Const
---------------------------------------------------------------------------------------------

*********************************************************************************************
SECTION USE IN OBJECT-ALLOCATION SECTION
---------------------------------------------------------------------------------------------

*********************************************************************************************
OBJECT LIST SORTED BY ADDRESS
     Name                                      Addr   hSize   dSize     Ref    Section   RLIB
---------------------------------------------------------------------------------------------

*********************************************************************************************
UNUSED-OBJECTS SECTION
---------------------------------------------------------------------------------------------
NOT USED PROCEDURES
rtshc12.c.o (ansisi.lib):
  _BSHL _BSHRS _BSHRU _BDIVMODU _BDIVMODS _ISHL _ISHRU _ISHRS _LSHRS _LADD 
  _LSUB _LAND _LOR _LXOR _LCMP_P _LCMP_PP _LNEG _LCOM _LDEC _LMUL _LMULU16x32 
  _LMULS16x32 _NEG_P _LDIVS _LMODU _LMODS _COPY _CASE_DIRECT _CASE_DIRECT_BYTE 
  _CASE_SEARCH _CASE_SEARCH_BYTE _CASE_SEARCH_8 _FCALL _FPCMP 
SCI.c.o:
  SCI_Poll SCI_WaitForChar 
LCD.c.o:
  LCD_SetCursor InChar 
Math.c.o:
  Math_SQRT 
NOT USED VARIABLES
main.c.o:
  MAJOR_VERSION MINOR_VERSION CMD_STARTUP CMD_EEPROM_PROG CMD_EEPROM_GET 
  CMD_SPECIAL CMD_MODCON_NB CMD_MODCON_MODE CMD_MODCON_TIME CMD_MODCON_PMODE 
  CMD_ANALOG_VALUE CMD_TEST_MODE CMD_TARRIF CMD_TIME1 CMD_TIME2 CMD_POWER 
  CMD_ENERGY CMD_COST CMD_FREQUENCY CMD_VOLRMS CMD_CURRMS CMD_POWFAC baudRate 
  busClk oscClk refClk watchDogRate prescaleRate modulusCount Periodic_Delay 
  copReset copEnd Packet_Mode 
rtshc12.c.o (ansisi.lib):
  _PowOfTwo_8 _PowOfTwo_16 _PowOfTwo_32 errno 
analog.c.o:
  ADC_OFFSET 
EEPROM.c.o:
  EEPROM_SECTOR_ERASE EEPROM_WORD_PROGRAM EEPROM_MASS_ERASE 
  EEPROM_ERASE_VERIFY 
SCI.c.o:
  SCI_Timeout 
LCD.c.o:
  SET_TEXT_HOME SET_TEXTAREA SET_CURSOR SET_RAM DISPLAY_MODE TXT_GFX_ON 
  SET_ONE_L SET_TWO_L SET_THREE_L SET_FOUR_L DATA_WRITE DATA_READ LCD_CLEAR 
  MODE_SET CURSOR_SELECT DISPLAY_OFF COLUMN_SIZE Timer_Ch5_Delay 

*********************************************************************************************
COPYDOWN SECTION
---------------------------------------------------------------------------------------------

*********************************************************************************************
OBJECT-DEPENDENCIES SECTION
---------------------------------------------------------------------------------------------

*********************************************************************************************
STATISTIC SECTION
---------------------------------------------------------------------------------------------

ExeFile:
--------
Number of blocks to be downloaded: 0
Total size of all blocks to be downloaded: 0

